---
source: src/interp/token.rs
expression: tokens
---
[
    Tk {
        tk_type: SOI,
        wd: WordDesc {
            text: "",
            span: Span {
                start: 0,
                end: 0,
            },
            flags: WdFlags(
                0x0,
            ),
        },
    },
    Tk {
        tk_type: If,
        wd: WordDesc {
            text: "if",
            span: Span {
                start: 0,
                end: 2,
            },
            flags: WdFlags(
                KEYWORD,
            ),
        },
    },
    Tk {
        tk_type: Ident,
        wd: WordDesc {
            text: "true",
            span: Span {
                start: 3,
                end: 7,
            },
            flags: WdFlags(
                0x0,
            ),
        },
    },
    Tk {
        tk_type: Cmdsep,
        wd: WordDesc {
            text: "",
            span: Span {
                start: 0,
                end: 0,
            },
            flags: WdFlags(
                0x0,
            ),
        },
    },
    Tk {
        tk_type: Then,
        wd: WordDesc {
            text: "then",
            span: Span {
                start: 8,
                end: 12,
            },
            flags: WdFlags(
                KEYWORD,
            ),
        },
    },
    Tk {
        tk_type: Ident,
        wd: WordDesc {
            text: "echo",
            span: Span {
                start: 13,
                end: 17,
            },
            flags: WdFlags(
                BUILTIN,
            ),
        },
    },
    Tk {
        tk_type: String,
        wd: WordDesc {
            text: "hi",
            span: Span {
                start: 18,
                end: 20,
            },
            flags: WdFlags(
                IS_ARG,
            ),
        },
    },
    Tk {
        tk_type: Cmdsep,
        wd: WordDesc {
            text: "",
            span: Span {
                start: 0,
                end: 0,
            },
            flags: WdFlags(
                0x0,
            ),
        },
    },
    Tk {
        tk_type: Elif,
        wd: WordDesc {
            text: "elif",
            span: Span {
                start: 21,
                end: 25,
            },
            flags: WdFlags(
                KEYWORD,
            ),
        },
    },
    Tk {
        tk_type: Ident,
        wd: WordDesc {
            text: "false",
            span: Span {
                start: 26,
                end: 31,
            },
            flags: WdFlags(
                0x0,
            ),
        },
    },
    Tk {
        tk_type: Cmdsep,
        wd: WordDesc {
            text: "",
            span: Span {
                start: 0,
                end: 0,
            },
            flags: WdFlags(
                0x0,
            ),
        },
    },
    Tk {
        tk_type: Then,
        wd: WordDesc {
            text: "then",
            span: Span {
                start: 32,
                end: 36,
            },
            flags: WdFlags(
                KEYWORD,
            ),
        },
    },
    Tk {
        tk_type: Ident,
        wd: WordDesc {
            text: "echo",
            span: Span {
                start: 37,
                end: 41,
            },
            flags: WdFlags(
                BUILTIN,
            ),
        },
    },
    Tk {
        tk_type: String,
        wd: WordDesc {
            text: "hello",
            span: Span {
                start: 42,
                end: 47,
            },
            flags: WdFlags(
                IS_ARG,
            ),
        },
    },
    Tk {
        tk_type: Cmdsep,
        wd: WordDesc {
            text: "",
            span: Span {
                start: 0,
                end: 0,
            },
            flags: WdFlags(
                0x0,
            ),
        },
    },
    Tk {
        tk_type: Else,
        wd: WordDesc {
            text: "else",
            span: Span {
                start: 48,
                end: 52,
            },
            flags: WdFlags(
                KEYWORD,
            ),
        },
    },
    Tk {
        tk_type: Ident,
        wd: WordDesc {
            text: "echo",
            span: Span {
                start: 53,
                end: 57,
            },
            flags: WdFlags(
                BUILTIN,
            ),
        },
    },
    Tk {
        tk_type: String,
        wd: WordDesc {
            text: "greetings",
            span: Span {
                start: 58,
                end: 67,
            },
            flags: WdFlags(
                IS_ARG,
            ),
        },
    },
    Tk {
        tk_type: Cmdsep,
        wd: WordDesc {
            text: "",
            span: Span {
                start: 0,
                end: 0,
            },
            flags: WdFlags(
                0x0,
            ),
        },
    },
    Tk {
        tk_type: Fi,
        wd: WordDesc {
            text: "fi",
            span: Span {
                start: 68,
                end: 70,
            },
            flags: WdFlags(
                KEYWORD,
            ),
        },
    },
]
