---
source: src/interp/parse.rs
expression: flat_nodes
---
[
    Node {
        command: None,
        nd_type: If {
            cond_blocks: [
                Conditional {
                    condition: Node {
                        command: None,
                        nd_type: Root {
                            deck: [
                                Node {
                                    command: None,
                                    nd_type: Loop {
                                        condition: true,
                                        logic: Conditional {
                                            condition: Node {
                                                command: None,
                                                nd_type: Root {
                                                    deck: [
                                                        Node {
                                                            command: None,
                                                            nd_type: If {
                                                                cond_blocks: [
                                                                    Conditional {
                                                                        condition: Node {
                                                                            command: None,
                                                                            nd_type: Root {
                                                                                deck: [
                                                                                    Node {
                                                                                        command: Some(
                                                                                            Tk {
                                                                                                tk_type: Ident,
                                                                                                wd: WordDesc {
                                                                                                    text: "true",
                                                                                                    span: Span {
                                                                                                        start: 12,
                                                                                                        end: 16,
                                                                                                    },
                                                                                                    flags: WdFlags(
                                                                                                        0x0,
                                                                                                    ),
                                                                                                },
                                                                                            },
                                                                                        ),
                                                                                        nd_type: Command {
                                                                                            argv: [
                                                                                                Tk {
                                                                                                    tk_type: Ident,
                                                                                                    wd: WordDesc {
                                                                                                        text: "true",
                                                                                                        span: Span {
                                                                                                            start: 12,
                                                                                                            end: 16,
                                                                                                        },
                                                                                                        flags: WdFlags(
                                                                                                            0x0,
                                                                                                        ),
                                                                                                    },
                                                                                                },
                                                                                            ],
                                                                                        },
                                                                                        span: Span {
                                                                                            start: 12,
                                                                                            end: 16,
                                                                                        },
                                                                                        flags: NdFlags(
                                                                                            VALID_OPERAND,
                                                                                        ),
                                                                                        redirs: [],
                                                                                    },
                                                                                ],
                                                                            },
                                                                            span: Span {
                                                                                start: 12,
                                                                                end: 0,
                                                                            },
                                                                            flags: NdFlags(
                                                                                0x0,
                                                                            ),
                                                                            redirs: [],
                                                                        },
                                                                        body: Node {
                                                                            command: None,
                                                                            nd_type: Root {
                                                                                deck: [
                                                                                    Node {
                                                                                        command: Some(
                                                                                            Tk {
                                                                                                tk_type: Ident,
                                                                                                wd: WordDesc {
                                                                                                    text: "echo",
                                                                                                    span: Span {
                                                                                                        start: 22,
                                                                                                        end: 26,
                                                                                                    },
                                                                                                    flags: WdFlags(
                                                                                                        BUILTIN,
                                                                                                    ),
                                                                                                },
                                                                                            },
                                                                                        ),
                                                                                        nd_type: Builtin {
                                                                                            argv: [
                                                                                                Tk {
                                                                                                    tk_type: Ident,
                                                                                                    wd: WordDesc {
                                                                                                        text: "echo",
                                                                                                        span: Span {
                                                                                                            start: 22,
                                                                                                            end: 26,
                                                                                                        },
                                                                                                        flags: WdFlags(
                                                                                                            BUILTIN,
                                                                                                        ),
                                                                                                    },
                                                                                                },
                                                                                                Tk {
                                                                                                    tk_type: String,
                                                                                                    wd: WordDesc {
                                                                                                        text: "while",
                                                                                                        span: Span {
                                                                                                            start: 27,
                                                                                                            end: 32,
                                                                                                        },
                                                                                                        flags: WdFlags(
                                                                                                            IS_ARG,
                                                                                                        ),
                                                                                                    },
                                                                                                },
                                                                                                Tk {
                                                                                                    tk_type: String,
                                                                                                    wd: WordDesc {
                                                                                                        text: "condition",
                                                                                                        span: Span {
                                                                                                            start: 33,
                                                                                                            end: 42,
                                                                                                        },
                                                                                                        flags: WdFlags(
                                                                                                            IS_ARG,
                                                                                                        ),
                                                                                                    },
                                                                                                },
                                                                                            ],
                                                                                        },
                                                                                        span: Span {
                                                                                            start: 22,
                                                                                            end: 42,
                                                                                        },
                                                                                        flags: NdFlags(
                                                                                            VALID_OPERAND,
                                                                                        ),
                                                                                        redirs: [],
                                                                                    },
                                                                                ],
                                                                            },
                                                                            span: Span {
                                                                                start: 22,
                                                                                end: 0,
                                                                            },
                                                                            flags: NdFlags(
                                                                                0x0,
                                                                            ),
                                                                            redirs: [],
                                                                        },
                                                                    },
                                                                ],
                                                                else_block: None,
                                                            },
                                                            span: Span {
                                                                start: 9,
                                                                end: 45,
                                                            },
                                                            flags: NdFlags(
                                                                VALID_OPERAND,
                                                            ),
                                                            redirs: [],
                                                        },
                                                    ],
                                                },
                                                span: Span {
                                                    start: 0,
                                                    end: 0,
                                                },
                                                flags: NdFlags(
                                                    0x0,
                                                ),
                                                redirs: [],
                                            },
                                            body: Node {
                                                command: None,
                                                nd_type: Root {
                                                    deck: [
                                                        Node {
                                                            command: None,
                                                            nd_type: If {
                                                                cond_blocks: [
                                                                    Conditional {
                                                                        condition: Node {
                                                                            command: None,
                                                                            nd_type: Root {
                                                                                deck: [
                                                                                    Node {
                                                                                        command: Some(
                                                                                            Tk {
                                                                                                tk_type: Ident,
                                                                                                wd: WordDesc {
                                                                                                    text: "true",
                                                                                                    span: Span {
                                                                                                        start: 52,
                                                                                                        end: 56,
                                                                                                    },
                                                                                                    flags: WdFlags(
                                                                                                        0x0,
                                                                                                    ),
                                                                                                },
                                                                                            },
                                                                                        ),
                                                                                        nd_type: Command {
                                                                                            argv: [
                                                                                                Tk {
                                                                                                    tk_type: Ident,
                                                                                                    wd: WordDesc {
                                                                                                        text: "true",
                                                                                                        span: Span {
                                                                                                            start: 52,
                                                                                                            end: 56,
                                                                                                        },
                                                                                                        flags: WdFlags(
                                                                                                            0x0,
                                                                                                        ),
                                                                                                    },
                                                                                                },
                                                                                            ],
                                                                                        },
                                                                                        span: Span {
                                                                                            start: 52,
                                                                                            end: 56,
                                                                                        },
                                                                                        flags: NdFlags(
                                                                                            VALID_OPERAND,
                                                                                        ),
                                                                                        redirs: [],
                                                                                    },
                                                                                ],
                                                                            },
                                                                            span: Span {
                                                                                start: 52,
                                                                                end: 0,
                                                                            },
                                                                            flags: NdFlags(
                                                                                0x0,
                                                                            ),
                                                                            redirs: [],
                                                                        },
                                                                        body: Node {
                                                                            command: None,
                                                                            nd_type: Root {
                                                                                deck: [
                                                                                    Node {
                                                                                        command: Some(
                                                                                            Tk {
                                                                                                tk_type: Ident,
                                                                                                wd: WordDesc {
                                                                                                    text: "echo",
                                                                                                    span: Span {
                                                                                                        start: 62,
                                                                                                        end: 66,
                                                                                                    },
                                                                                                    flags: WdFlags(
                                                                                                        BUILTIN,
                                                                                                    ),
                                                                                                },
                                                                                            },
                                                                                        ),
                                                                                        nd_type: Builtin {
                                                                                            argv: [
                                                                                                Tk {
                                                                                                    tk_type: Ident,
                                                                                                    wd: WordDesc {
                                                                                                        text: "echo",
                                                                                                        span: Span {
                                                                                                            start: 62,
                                                                                                            end: 66,
                                                                                                        },
                                                                                                        flags: WdFlags(
                                                                                                            BUILTIN,
                                                                                                        ),
                                                                                                    },
                                                                                                },
                                                                                                Tk {
                                                                                                    tk_type: String,
                                                                                                    wd: WordDesc {
                                                                                                        text: "inside",
                                                                                                        span: Span {
                                                                                                            start: 67,
                                                                                                            end: 73,
                                                                                                        },
                                                                                                        flags: WdFlags(
                                                                                                            IS_ARG,
                                                                                                        ),
                                                                                                    },
                                                                                                },
                                                                                                Tk {
                                                                                                    tk_type: String,
                                                                                                    wd: WordDesc {
                                                                                                        text: "first",
                                                                                                        span: Span {
                                                                                                            start: 74,
                                                                                                            end: 79,
                                                                                                        },
                                                                                                        flags: WdFlags(
                                                                                                            IS_ARG,
                                                                                                        ),
                                                                                                    },
                                                                                                },
                                                                                                Tk {
                                                                                                    tk_type: String,
                                                                                                    wd: WordDesc {
                                                                                                        text: "while",
                                                                                                        span: Span {
                                                                                                            start: 80,
                                                                                                            end: 85,
                                                                                                        },
                                                                                                        flags: WdFlags(
                                                                                                            IS_ARG,
                                                                                                        ),
                                                                                                    },
                                                                                                },
                                                                                            ],
                                                                                        },
                                                                                        span: Span {
                                                                                            start: 62,
                                                                                            end: 85,
                                                                                        },
                                                                                        flags: NdFlags(
                                                                                            VALID_OPERAND,
                                                                                        ),
                                                                                        redirs: [],
                                                                                    },
                                                                                ],
                                                                            },
                                                                            span: Span {
                                                                                start: 62,
                                                                                end: 0,
                                                                            },
                                                                            flags: NdFlags(
                                                                                0x0,
                                                                            ),
                                                                            redirs: [],
                                                                        },
                                                                    },
                                                                ],
                                                                else_block: None,
                                                            },
                                                            span: Span {
                                                                start: 49,
                                                                end: 88,
                                                            },
                                                            flags: NdFlags(
                                                                VALID_OPERAND,
                                                            ),
                                                            redirs: [],
                                                        },
                                                    ],
                                                },
                                                span: Span {
                                                    start: 0,
                                                    end: 0,
                                                },
                                                flags: NdFlags(
                                                    0x0,
                                                ),
                                                redirs: [],
                                            },
                                        },
                                    },
                                    span: Span {
                                        start: 3,
                                        end: 93,
                                    },
                                    flags: NdFlags(
                                        VALID_OPERAND,
                                    ),
                                    redirs: [],
                                },
                            ],
                        },
                        span: Span {
                            start: 0,
                            end: 0,
                        },
                        flags: NdFlags(
                            0x0,
                        ),
                        redirs: [],
                    },
                    body: Node {
                        command: None,
                        nd_type: Root {
                            deck: [
                                Node {
                                    command: Some(
                                        Tk {
                                            tk_type: Ident,
                                            wd: WordDesc {
                                                text: "echo",
                                                span: Span {
                                                    start: 99,
                                                    end: 103,
                                                },
                                                flags: WdFlags(
                                                    BUILTIN,
                                                ),
                                            },
                                        },
                                    ),
                                    nd_type: Builtin {
                                        argv: [
                                            Tk {
                                                tk_type: Ident,
                                                wd: WordDesc {
                                                    text: "echo",
                                                    span: Span {
                                                        start: 99,
                                                        end: 103,
                                                    },
                                                    flags: WdFlags(
                                                        BUILTIN,
                                                    ),
                                                },
                                            },
                                            Tk {
                                                tk_type: String,
                                                wd: WordDesc {
                                                    text: "wow",
                                                    span: Span {
                                                        start: 104,
                                                        end: 107,
                                                    },
                                                    flags: WdFlags(
                                                        IS_ARG,
                                                    ),
                                                },
                                            },
                                        ],
                                    },
                                    span: Span {
                                        start: 99,
                                        end: 107,
                                    },
                                    flags: NdFlags(
                                        VALID_OPERAND,
                                    ),
                                    redirs: [],
                                },
                            ],
                        },
                        span: Span {
                            start: 99,
                            end: 0,
                        },
                        flags: NdFlags(
                            0x0,
                        ),
                        redirs: [],
                    },
                },
                Conditional {
                    condition: Node {
                        command: None,
                        nd_type: Root {
                            deck: [
                                Node {
                                    command: None,
                                    nd_type: Loop {
                                        condition: false,
                                        logic: Conditional {
                                            condition: Node {
                                                command: None,
                                                nd_type: Root {
                                                    deck: [
                                                        Node {
                                                            command: None,
                                                            nd_type: Loop {
                                                                condition: true,
                                                                logic: Conditional {
                                                                    condition: Node {
                                                                        command: None,
                                                                        nd_type: Root {
                                                                            deck: [
                                                                                Node {
                                                                                    command: None,
                                                                                    nd_type: If {
                                                                                        cond_blocks: [
                                                                                            Conditional {
                                                                                                condition: Node {
                                                                                                    command: None,
                                                                                                    nd_type: Root {
                                                                                                        deck: [
                                                                                                            Node {
                                                                                                                command: Some(
                                                                                                                    Tk {
                                                                                                                        tk_type: Ident,
                                                                                                                        wd: WordDesc {
                                                                                                                            text: "true",
                                                                                                                            span: Span {
                                                                                                                                start: 128,
                                                                                                                                end: 132,
                                                                                                                            },
                                                                                                                            flags: WdFlags(
                                                                                                                                0x0,
                                                                                                                            ),
                                                                                                                        },
                                                                                                                    },
                                                                                                                ),
                                                                                                                nd_type: Command {
                                                                                                                    argv: [
                                                                                                                        Tk {
                                                                                                                            tk_type: Ident,
                                                                                                                            wd: WordDesc {
                                                                                                                                text: "true",
                                                                                                                                span: Span {
                                                                                                                                    start: 128,
                                                                                                                                    end: 132,
                                                                                                                                },
                                                                                                                                flags: WdFlags(
                                                                                                                                    0x0,
                                                                                                                                ),
                                                                                                                            },
                                                                                                                        },
                                                                                                                    ],
                                                                                                                },
                                                                                                                span: Span {
                                                                                                                    start: 128,
                                                                                                                    end: 132,
                                                                                                                },
                                                                                                                flags: NdFlags(
                                                                                                                    VALID_OPERAND,
                                                                                                                ),
                                                                                                                redirs: [],
                                                                                                            },
                                                                                                        ],
                                                                                                    },
                                                                                                    span: Span {
                                                                                                        start: 128,
                                                                                                        end: 0,
                                                                                                    },
                                                                                                    flags: NdFlags(
                                                                                                        0x0,
                                                                                                    ),
                                                                                                    redirs: [],
                                                                                                },
                                                                                                body: Node {
                                                                                                    command: None,
                                                                                                    nd_type: Root {
                                                                                                        deck: [
                                                                                                            Node {
                                                                                                                command: Some(
                                                                                                                    Tk {
                                                                                                                        tk_type: Ident,
                                                                                                                        wd: WordDesc {
                                                                                                                            text: "echo",
                                                                                                                            span: Span {
                                                                                                                                start: 138,
                                                                                                                                end: 142,
                                                                                                                            },
                                                                                                                            flags: WdFlags(
                                                                                                                                BUILTIN,
                                                                                                                            ),
                                                                                                                        },
                                                                                                                    },
                                                                                                                ),
                                                                                                                nd_type: Builtin {
                                                                                                                    argv: [
                                                                                                                        Tk {
                                                                                                                            tk_type: Ident,
                                                                                                                            wd: WordDesc {
                                                                                                                                text: "echo",
                                                                                                                                span: Span {
                                                                                                                                    start: 138,
                                                                                                                                    end: 142,
                                                                                                                                },
                                                                                                                                flags: WdFlags(
                                                                                                                                    BUILTIN,
                                                                                                                                ),
                                                                                                                            },
                                                                                                                        },
                                                                                                                        Tk {
                                                                                                                            tk_type: String,
                                                                                                                            wd: WordDesc {
                                                                                                                                text: "double",
                                                                                                                                span: Span {
                                                                                                                                    start: 143,
                                                                                                                                    end: 149,
                                                                                                                                },
                                                                                                                                flags: WdFlags(
                                                                                                                                    IS_ARG,
                                                                                                                                ),
                                                                                                                            },
                                                                                                                        },
                                                                                                                        Tk {
                                                                                                                            tk_type: String,
                                                                                                                            wd: WordDesc {
                                                                                                                                text: "loop",
                                                                                                                                span: Span {
                                                                                                                                    start: 150,
                                                                                                                                    end: 154,
                                                                                                                                },
                                                                                                                                flags: WdFlags(
                                                                                                                                    IS_ARG,
                                                                                                                                ),
                                                                                                                            },
                                                                                                                        },
                                                                                                                    ],
                                                                                                                },
                                                                                                                span: Span {
                                                                                                                    start: 138,
                                                                                                                    end: 154,
                                                                                                                },
                                                                                                                flags: NdFlags(
                                                                                                                    VALID_OPERAND,
                                                                                                                ),
                                                                                                                redirs: [],
                                                                                                            },
                                                                                                        ],
                                                                                                    },
                                                                                                    span: Span {
                                                                                                        start: 138,
                                                                                                        end: 0,
                                                                                                    },
                                                                                                    flags: NdFlags(
                                                                                                        0x0,
                                                                                                    ),
                                                                                                    redirs: [],
                                                                                                },
                                                                                            },
                                                                                        ],
                                                                                        else_block: None,
                                                                                    },
                                                                                    span: Span {
                                                                                        start: 125,
                                                                                        end: 157,
                                                                                    },
                                                                                    flags: NdFlags(
                                                                                        VALID_OPERAND,
                                                                                    ),
                                                                                    redirs: [],
                                                                                },
                                                                            ],
                                                                        },
                                                                        span: Span {
                                                                            start: 0,
                                                                            end: 0,
                                                                        },
                                                                        flags: NdFlags(
                                                                            0x0,
                                                                        ),
                                                                        redirs: [],
                                                                    },
                                                                    body: Node {
                                                                        command: None,
                                                                        nd_type: Root {
                                                                            deck: [
                                                                                Node {
                                                                                    command: None,
                                                                                    nd_type: If {
                                                                                        cond_blocks: [
                                                                                            Conditional {
                                                                                                condition: Node {
                                                                                                    command: None,
                                                                                                    nd_type: Root {
                                                                                                        deck: [
                                                                                                            Node {
                                                                                                                command: Some(
                                                                                                                    Tk {
                                                                                                                        tk_type: Ident,
                                                                                                                        wd: WordDesc {
                                                                                                                            text: "true",
                                                                                                                            span: Span {
                                                                                                                                start: 164,
                                                                                                                                end: 168,
                                                                                                                            },
                                                                                                                            flags: WdFlags(
                                                                                                                                0x0,
                                                                                                                            ),
                                                                                                                        },
                                                                                                                    },
                                                                                                                ),
                                                                                                                nd_type: Command {
                                                                                                                    argv: [
                                                                                                                        Tk {
                                                                                                                            tk_type: Ident,
                                                                                                                            wd: WordDesc {
                                                                                                                                text: "true",
                                                                                                                                span: Span {
                                                                                                                                    start: 164,
                                                                                                                                    end: 168,
                                                                                                                                },
                                                                                                                                flags: WdFlags(
                                                                                                                                    0x0,
                                                                                                                                ),
                                                                                                                            },
                                                                                                                        },
                                                                                                                    ],
                                                                                                                },
                                                                                                                span: Span {
                                                                                                                    start: 164,
                                                                                                                    end: 168,
                                                                                                                },
                                                                                                                flags: NdFlags(
                                                                                                                    VALID_OPERAND,
                                                                                                                ),
                                                                                                                redirs: [],
                                                                                                            },
                                                                                                        ],
                                                                                                    },
                                                                                                    span: Span {
                                                                                                        start: 164,
                                                                                                        end: 0,
                                                                                                    },
                                                                                                    flags: NdFlags(
                                                                                                        0x0,
                                                                                                    ),
                                                                                                    redirs: [],
                                                                                                },
                                                                                                body: Node {
                                                                                                    command: None,
                                                                                                    nd_type: Root {
                                                                                                        deck: [
                                                                                                            Node {
                                                                                                                command: Some(
                                                                                                                    Tk {
                                                                                                                        tk_type: Ident,
                                                                                                                        wd: WordDesc {
                                                                                                                            text: "echo",
                                                                                                                            span: Span {
                                                                                                                                start: 174,
                                                                                                                                end: 178,
                                                                                                                            },
                                                                                                                            flags: WdFlags(
                                                                                                                                BUILTIN,
                                                                                                                            ),
                                                                                                                        },
                                                                                                                    },
                                                                                                                ),
                                                                                                                nd_type: Builtin {
                                                                                                                    argv: [
                                                                                                                        Tk {
                                                                                                                            tk_type: Ident,
                                                                                                                            wd: WordDesc {
                                                                                                                                text: "echo",
                                                                                                                                span: Span {
                                                                                                                                    start: 174,
                                                                                                                                    end: 178,
                                                                                                                                },
                                                                                                                                flags: WdFlags(
                                                                                                                                    BUILTIN,
                                                                                                                                ),
                                                                                                                            },
                                                                                                                        },
                                                                                                                        Tk {
                                                                                                                            tk_type: String,
                                                                                                                            wd: WordDesc {
                                                                                                                                text: "another",
                                                                                                                                span: Span {
                                                                                                                                    start: 179,
                                                                                                                                    end: 186,
                                                                                                                                },
                                                                                                                                flags: WdFlags(
                                                                                                                                    IS_ARG,
                                                                                                                                ),
                                                                                                                            },
                                                                                                                        },
                                                                                                                        Tk {
                                                                                                                            tk_type: String,
                                                                                                                            wd: WordDesc {
                                                                                                                                text: "double",
                                                                                                                                span: Span {
                                                                                                                                    start: 187,
                                                                                                                                    end: 193,
                                                                                                                                },
                                                                                                                                flags: WdFlags(
                                                                                                                                    IS_ARG,
                                                                                                                                ),
                                                                                                                            },
                                                                                                                        },
                                                                                                                        Tk {
                                                                                                                            tk_type: String,
                                                                                                                            wd: WordDesc {
                                                                                                                                text: "loop",
                                                                                                                                span: Span {
                                                                                                                                    start: 194,
                                                                                                                                    end: 198,
                                                                                                                                },
                                                                                                                                flags: WdFlags(
                                                                                                                                    IS_ARG,
                                                                                                                                ),
                                                                                                                            },
                                                                                                                        },
                                                                                                                    ],
                                                                                                                },
                                                                                                                span: Span {
                                                                                                                    start: 174,
                                                                                                                    end: 198,
                                                                                                                },
                                                                                                                flags: NdFlags(
                                                                                                                    VALID_OPERAND,
                                                                                                                ),
                                                                                                                redirs: [],
                                                                                                            },
                                                                                                        ],
                                                                                                    },
                                                                                                    span: Span {
                                                                                                        start: 174,
                                                                                                        end: 0,
                                                                                                    },
                                                                                                    flags: NdFlags(
                                                                                                        0x0,
                                                                                                    ),
                                                                                                    redirs: [],
                                                                                                },
                                                                                            },
                                                                                        ],
                                                                                        else_block: None,
                                                                                    },
                                                                                    span: Span {
                                                                                        start: 161,
                                                                                        end: 201,
                                                                                    },
                                                                                    flags: NdFlags(
                                                                                        VALID_OPERAND,
                                                                                    ),
                                                                                    redirs: [],
                                                                                },
                                                                            ],
                                                                        },
                                                                        span: Span {
                                                                            start: 0,
                                                                            end: 0,
                                                                        },
                                                                        flags: NdFlags(
                                                                            0x0,
                                                                        ),
                                                                        redirs: [],
                                                                    },
                                                                },
                                                            },
                                                            span: Span {
                                                                start: 119,
                                                                end: 206,
                                                            },
                                                            flags: NdFlags(
                                                                VALID_OPERAND,
                                                            ),
                                                            redirs: [],
                                                        },
                                                    ],
                                                },
                                                span: Span {
                                                    start: 0,
                                                    end: 0,
                                                },
                                                flags: NdFlags(
                                                    0x0,
                                                ),
                                                redirs: [],
                                            },
                                            body: Node {
                                                command: None,
                                                nd_type: Root {
                                                    deck: [
                                                        Node {
                                                            command: Some(
                                                                Tk {
                                                                    tk_type: Ident,
                                                                    wd: WordDesc {
                                                                        text: "echo",
                                                                        span: Span {
                                                                            start: 210,
                                                                            end: 214,
                                                                        },
                                                                        flags: WdFlags(
                                                                            BUILTIN,
                                                                        ),
                                                                    },
                                                                },
                                                            ),
                                                            nd_type: Builtin {
                                                                argv: [
                                                                    Tk {
                                                                        tk_type: Ident,
                                                                        wd: WordDesc {
                                                                            text: "echo",
                                                                            span: Span {
                                                                                start: 210,
                                                                                end: 214,
                                                                            },
                                                                            flags: WdFlags(
                                                                                BUILTIN,
                                                                            ),
                                                                        },
                                                                    },
                                                                ],
                                                            },
                                                            span: Span {
                                                                start: 210,
                                                                end: 214,
                                                            },
                                                            flags: NdFlags(
                                                                VALID_OPERAND,
                                                            ),
                                                            redirs: [],
                                                        },
                                                    ],
                                                },
                                                span: Span {
                                                    start: 210,
                                                    end: 0,
                                                },
                                                flags: NdFlags(
                                                    0x0,
                                                ),
                                                redirs: [],
                                            },
                                        },
                                    },
                                    span: Span {
                                        start: 113,
                                        end: 219,
                                    },
                                    flags: NdFlags(
                                        VALID_OPERAND,
                                    ),
                                    redirs: [],
                                },
                            ],
                        },
                        span: Span {
                            start: 0,
                            end: 0,
                        },
                        flags: NdFlags(
                            0x0,
                        ),
                        redirs: [],
                    },
                    body: Node {
                        command: None,
                        nd_type: Root {
                            deck: [
                                Node {
                                    command: Some(
                                        Tk {
                                            tk_type: Ident,
                                            wd: WordDesc {
                                                text: "echo",
                                                span: Span {
                                                    start: 225,
                                                    end: 229,
                                                },
                                                flags: WdFlags(
                                                    BUILTIN,
                                                ),
                                            },
                                        },
                                    ),
                                    nd_type: Builtin {
                                        argv: [
                                            Tk {
                                                tk_type: Ident,
                                                wd: WordDesc {
                                                    text: "echo",
                                                    span: Span {
                                                        start: 225,
                                                        end: 229,
                                                    },
                                                    flags: WdFlags(
                                                        BUILTIN,
                                                    ),
                                                },
                                            },
                                            Tk {
                                                tk_type: String,
                                                wd: WordDesc {
                                                    text: "again",
                                                    span: Span {
                                                        start: 230,
                                                        end: 235,
                                                    },
                                                    flags: WdFlags(
                                                        IS_ARG,
                                                    ),
                                                },
                                            },
                                        ],
                                    },
                                    span: Span {
                                        start: 225,
                                        end: 235,
                                    },
                                    flags: NdFlags(
                                        VALID_OPERAND,
                                    ),
                                    redirs: [],
                                },
                            ],
                        },
                        span: Span {
                            start: 225,
                            end: 0,
                        },
                        flags: NdFlags(
                            0x0,
                        ),
                        redirs: [],
                    },
                },
            ],
            else_block: Some(
                Node {
                    command: None,
                    nd_type: Root {
                        deck: [
                            Node {
                                command: Some(
                                    Tk {
                                        tk_type: Ident,
                                        wd: WordDesc {
                                            text: "echo",
                                            span: Span {
                                                start: 241,
                                                end: 245,
                                            },
                                            flags: WdFlags(
                                                BUILTIN,
                                            ),
                                        },
                                    },
                                ),
                                nd_type: Builtin {
                                    argv: [
                                        Tk {
                                            tk_type: Ident,
                                            wd: WordDesc {
                                                text: "echo",
                                                span: Span {
                                                    start: 241,
                                                    end: 245,
                                                },
                                                flags: WdFlags(
                                                    BUILTIN,
                                                ),
                                            },
                                        },
                                    ],
                                },
                                span: Span {
                                    start: 241,
                                    end: 245,
                                },
                                flags: NdFlags(
                                    VALID_OPERAND,
                                ),
                                redirs: [],
                            },
                        ],
                    },
                    span: Span {
                        start: 241,
                        end: 0,
                    },
                    flags: NdFlags(
                        0x0,
                    ),
                    redirs: [],
                },
            ),
        },
        span: Span {
            start: 0,
            end: 248,
        },
        flags: NdFlags(
            VALID_OPERAND,
        ),
        redirs: [],
    },
]
